> Task :app:checkKotlinGradlePluginConfigurationErrors SKIPPED
> Task :app:preBuild UP-TO-DATE
> Task :app:preDebugBuild UP-TO-DATE
> Task :app:checkDebugAarMetadata UP-TO-DATE
> Task :app:generateDebugResValues UP-TO-DATE
> Task :app:mapDebugSourceSetPaths UP-TO-DATE
> Task :app:generateDebugResources UP-TO-DATE
> Task :app:mergeDebugResources UP-TO-DATE
> Task :app:packageDebugResources UP-TO-DATE
> Task :app:parseDebugLocalResources UP-TO-DATE
> Task :app:createDebugCompatibleScreenManifests UP-TO-DATE
> Task :app:extractDeepLinksDebug UP-TO-DATE
> Task :app:processDebugMainManifest UP-TO-DATE
> Task :app:processDebugManifest UP-TO-DATE
> Task :app:processDebugManifestForPackage UP-TO-DATE
> Task :app:processDebugResources UP-TO-DATE

> Task :app:kspDebugKotlin FAILED
e: [ksp] ModuleProcessingStep was unable to process 'com.kharcha.tracker.di.AppModule' because 'error.NonExistentClass' could not be resolved.

Dependency trace:
    => element (OBJECT): com.kharcha.tracker.di.AppModule
    => element (METHOD): provideSplitDao(com.kharcha.tracker.data.local.AppDatabase)
    => type (ERROR return type): error.NonExistentClass

If type 'error.NonExistentClass' is a generated type, check above for compilation errors that may have prevented the type from being generated. Otherwise, ensure that type 'error.NonExistentClass' is on your classpath.
e: [ksp] BindingMethodProcessingStep was unable to process 'provideDatabase(android.content.Context)' because 'error.NonExistentClass' could not be resolved.

Dependency trace:
    => element (OBJECT): com.kharcha.tracker.di.AppModule
    => element (METHOD): provideSplitDao(com.kharcha.tracker.data.local.AppDatabase)
    => type (ERROR return type): error.NonExistentClass

If type 'error.NonExistentClass' is a generated type, check above for compilation errors that may have prevented the type from being generated. Otherwise, ensure that type 'error.NonExistentClass' is on your classpath.
e: [ksp] BindingMethodProcessingStep was unable to process 'provideTransactionDao(com.kharcha.tracker.data.local.AppDatabase)' because 'error.NonExistentClass' could not be resolved.

Dependency trace:
    => element (OBJECT): com.kharcha.tracker.di.AppModule
    => element (METHOD): provideSplitDao(com.kharcha.tracker.data.local.AppDatabase)
    => type (ERROR return type): error.NonExistentClass

If type 'error.NonExistentClass' is a generated type, check above for compilation errors that may have prevented the type from being generated. Otherwise, ensure that type 'error.NonExistentClass' is on your classpath.
e: [ksp] BindingMethodProcessingStep was unable to process 'provideSmsTransactionDao(com.kharcha.tracker.data.local.AppDatabase)' because 'error.NonExistentClass' could not be resolved.

Dependency trace:
    => element (OBJECT): com.kharcha.tracker.di.AppModule
    => element (METHOD): provideSplitDao(com.kharcha.tracker.data.local.AppDatabase)
    => type (ERROR return type): error.NonExistentClass

If type 'error.NonExistentClass' is a generated type, check above for compilation errors that may have prevented the type from being generated. Otherwise, ensure that type 'error.NonExistentClass' is on your classpath.
e: [ksp] BindingMethodProcessingStep was unable to process 'provideSplitDao(com.kharcha.tracker.data.local.AppDatabase)' because 'error.NonExistentClass' could not be resolved.

Dependency trace:
    => element (OBJECT): com.kharcha.tracker.di.AppModule
    => element (METHOD): provideSplitDao(com.kharcha.tracker.data.local.AppDatabase)
    => type (ERROR return type): error.NonExistentClass

If type 'error.NonExistentClass' is a generated type, check above for compilation errors that may have prevented the type from being generated. Otherwise, ensure that type 'error.NonExistentClass' is on your classpath.
e: [ksp] BindingMethodProcessingStep was unable to process 'provideTransactionRepository(com.kharcha.tracker.data.local.dao.TransactionDao)' because 'error.NonExistentClass' could not be resolved.

Dependency trace:
    => element (OBJECT): com.kharcha.tracker.di.AppModule
    => element (METHOD): provideSplitDao(com.kharcha.tracker.data.local.AppDatabase)
    => type (ERROR return type): error.NonExistentClass

If type 'error.NonExistentClass' is a generated type, check above for compilation errors that may have prevented the type from being generated. Otherwise, ensure that type 'error.NonExistentClass' is on your classpath.
e: [ksp] BindingMethodProcessingStep was unable to process 'provideSmsReader(android.content.Context)' because 'error.NonExistentClass' could not be resolved.

Dependency trace:
    => element (OBJECT): com.kharcha.tracker.di.AppModule
    => element (METHOD): provideSplitDao(com.kharcha.tracker.data.local.AppDatabase)
    => type (ERROR return type): error.NonExistentClass

If type 'error.NonExistentClass' is a generated type, check above for compilation errors that may have prevented the type from being generated. Otherwise, ensure that type 'error.NonExistentClass' is on your classpath.
e: [ksp] BindingMethodProcessingStep was unable to process 'provideSmsRepository(com.kharcha.tracker.data.local.dao.SmsTransactionDao,com.kharcha.tracker.domain.repository.TransactionRepository,com.kharcha.tracker.util.SmsReader)' because 'error.NonExistentClass' could not be resolved.

Dependency trace:
    => element (OBJECT): com.kharcha.tracker.di.AppModule
    => element (METHOD): provideSplitDao(com.kharcha.tracker.data.local.AppDatabase)
    => type (ERROR return type): error.NonExistentClass

If type 'error.NonExistentClass' is a generated type, check above for compilation errors that may have prevented the type from being generated. Otherwise, ensure that type 'error.NonExistentClass' is on your classpath.
e: Error occurred in KSP, check log for detail

FAILURE: Build failed with an exception.

* What went wrong:
Execution failed for task ':app:kspDebugKotlin'.
> A failure occurred while executing org.jetbrains.kotlin.compilerRunner.GradleCompilerRunnerWithWorkers$GradleKotlinCompilerWorkAction
   > Compilation error. See log for more details

* Try:
> Run with --stacktrace option to get the stack trace.
> Run with --info or --debug option to get more log output.
> Run with --scan to get full insights.
> Get more help at https://help.gradle.org.

BUILD FAILED in 3s
14 actionable tasks: 1 executed, 13 up-to-date
